MO select_writeData NULL select_writeData.v vlg18/select__write_data.bin 1473475104
MO UnitControl NULL UnitControl.v vlg01/_unit_control.bin 1473475104
MO Reg_File NULL Reg_File.v vlg29/_reg___file.bin 1473475104
MO Instr_Memory NULL Instr_Memory.v vlg00/_instr___memory.bin 1473475104
MO JumpLogic NULL JumpLogic.v vlg5E/_jump_logic.bin 1473475104
MO Main NULL Main.v vlg0D/_main.bin 1473475104
MO SyncRAM NULL SyncRAM.v vlg71/_sync_r_a_m.bin 1473475104
MO ALU NULL ALU.v vlg2A/_a_l_u.bin 1473475104
